// Jest Snapshot v1, https://goo.gl/fbAQLP

exports[`OrderInitialCrypto renders correctly 1`] = `
ShallowWrapper {
  "length": 1,
  Symbol(enzyme.__root__): [Circular],
  Symbol(enzyme.__unrendered__): <I18n
    ns="translations"
>
    [Function]
</I18n>,
  Symbol(enzyme.__renderer__): Object {
    "batchedUpdates": [Function],
    "getNode": [Function],
    "render": [Function],
    "simulateEvent": [Function],
    "unmount": [Function],
  },
  Symbol(enzyme.__node__): Object {
    "instance": null,
    "key": undefined,
    "nodeType": "host",
    "props": Object {
      "children": Array [
        <div
          className="qr-container"
>
          <img
                    alt="order.qr"
                    className="qr"
                    src="https://chart.googleapis.com/chart?chs=250x250&chld=L|2&cht=qr&chl=
          			0x6ce146d0431079fe70dffee5fb15ba687d7f9ae7"
          />
</div>,
        <div
          className="details"
>
          <h3>
                    order.initial1
                    :
                     
                    <span
                              className="time"
                    >
                              <b />
                    </span>
          </h3>
          <h4>
                    order.initial2
                     
                    <b>
                              0.10000000
                               
                              ETH
                    </b>
                     
                    order.initial3
                    <br />
                    <b
                              className="address"
                              style={
                                        Object {
                                                  "wordWrap": "break-word",
                                                }
                              }
                    >
                              0x6ce146d0431079fe70dffee5fb15ba687d7f9ae7
                    </b>
          </h4>
          <CopyToClipboard
                    onCopy={[Function]}
                    options={undefined}
                    text="0x6ce146d0431079fe70dffee5fb15ba687d7f9ae7"
          >
                    <button
                              className="btn btn-default"
                              data-test="copy-address"
                              id="copy-to-clipboard"
                              type="button"
                    >
                              order.initial4
                    </button>
          </CopyToClipboard>
</div>,
      ],
      "className": "container",
    },
    "ref": null,
    "rendered": Array [
      Object {
        "instance": null,
        "key": undefined,
        "nodeType": "host",
        "props": Object {
          "children": <img
            alt="order.qr"
            className="qr"
            src="https://chart.googleapis.com/chart?chs=250x250&chld=L|2&cht=qr&chl=
			0x6ce146d0431079fe70dffee5fb15ba687d7f9ae7"
/>,
          "className": "qr-container",
        },
        "ref": null,
        "rendered": Object {
          "instance": null,
          "key": undefined,
          "nodeType": "host",
          "props": Object {
            "alt": "order.qr",
            "className": "qr",
            "src": "https://chart.googleapis.com/chart?chs=250x250&chld=L|2&cht=qr&chl=
			0x6ce146d0431079fe70dffee5fb15ba687d7f9ae7",
          },
          "ref": null,
          "rendered": null,
          "type": "img",
        },
        "type": "div",
      },
      Object {
        "instance": null,
        "key": undefined,
        "nodeType": "host",
        "props": Object {
          "children": Array [
            <h3>
              order.initial1
              :
               
              <span
                            className="time"
              >
                            <b />
              </span>
</h3>,
            <h4>
              order.initial2
               
              <b>
                            0.10000000
                             
                            ETH
              </b>
               
              order.initial3
              <br />
              <b
                            className="address"
                            style={
                                          Object {
                                                        "wordWrap": "break-word",
                                                      }
                            }
              >
                            0x6ce146d0431079fe70dffee5fb15ba687d7f9ae7
              </b>
</h4>,
            <CopyToClipboard
              onCopy={[Function]}
              options={undefined}
              text="0x6ce146d0431079fe70dffee5fb15ba687d7f9ae7"
>
              <button
                            className="btn btn-default"
                            data-test="copy-address"
                            id="copy-to-clipboard"
                            type="button"
              >
                            order.initial4
              </button>
</CopyToClipboard>,
          ],
          "className": "details",
        },
        "ref": null,
        "rendered": Array [
          Object {
            "instance": null,
            "key": undefined,
            "nodeType": "host",
            "props": Object {
              "children": Array [
                "order.initial1",
                ":",
                " ",
                <span
                  className="time"
>
                  <b />
</span>,
              ],
            },
            "ref": null,
            "rendered": Array [
              "order.initial1",
              ":",
              " ",
              Object {
                "instance": null,
                "key": undefined,
                "nodeType": "host",
                "props": Object {
                  "children": <b />,
                  "className": "time",
                },
                "ref": null,
                "rendered": Object {
                  "instance": null,
                  "key": undefined,
                  "nodeType": "host",
                  "props": Object {
                    "children": undefined,
                  },
                  "ref": null,
                  "rendered": null,
                  "type": "b",
                },
                "type": "span",
              },
            ],
            "type": "h3",
          },
          Object {
            "instance": null,
            "key": undefined,
            "nodeType": "host",
            "props": Object {
              "children": Array [
                "order.initial2",
                " ",
                <b>
                  0.10000000
                   
                  ETH
</b>,
                " ",
                "order.initial3",
                <br />,
                <b
                  className="address"
                  style={
                                    Object {
                                                      "wordWrap": "break-word",
                                                    }
                  }
>
                  0x6ce146d0431079fe70dffee5fb15ba687d7f9ae7
</b>,
              ],
            },
            "ref": null,
            "rendered": Array [
              "order.initial2",
              " ",
              Object {
                "instance": null,
                "key": undefined,
                "nodeType": "host",
                "props": Object {
                  "children": Array [
                    "0.10000000",
                    " ",
                    "ETH",
                  ],
                },
                "ref": null,
                "rendered": Array [
                  "0.10000000",
                  " ",
                  "ETH",
                ],
                "type": "b",
              },
              " ",
              "order.initial3",
              Object {
                "instance": null,
                "key": undefined,
                "nodeType": "host",
                "props": Object {},
                "ref": null,
                "rendered": null,
                "type": "br",
              },
              Object {
                "instance": null,
                "key": undefined,
                "nodeType": "host",
                "props": Object {
                  "children": "0x6ce146d0431079fe70dffee5fb15ba687d7f9ae7",
                  "className": "address",
                  "style": Object {
                    "wordWrap": "break-word",
                  },
                },
                "ref": null,
                "rendered": "0x6ce146d0431079fe70dffee5fb15ba687d7f9ae7",
                "type": "b",
              },
            ],
            "type": "h4",
          },
          Object {
            "instance": null,
            "key": undefined,
            "nodeType": "class",
            "props": Object {
              "children": <button
                className="btn btn-default"
                data-test="copy-address"
                id="copy-to-clipboard"
                type="button"
>
                order.initial4
</button>,
              "onCopy": [Function],
              "options": undefined,
              "text": "0x6ce146d0431079fe70dffee5fb15ba687d7f9ae7",
            },
            "ref": null,
            "rendered": Object {
              "instance": null,
              "key": undefined,
              "nodeType": "host",
              "props": Object {
                "children": "order.initial4",
                "className": "btn btn-default",
                "data-test": "copy-address",
                "id": "copy-to-clipboard",
                "type": "button",
              },
              "ref": null,
              "rendered": "order.initial4",
              "type": "button",
            },
            "type": [Function],
          },
        ],
        "type": "div",
      },
    ],
    "type": "div",
  },
  Symbol(enzyme.__nodes__): Array [
    Object {
      "instance": null,
      "key": undefined,
      "nodeType": "host",
      "props": Object {
        "children": Array [
          <div
            className="qr-container"
>
            <img
                        alt="order.qr"
                        className="qr"
                        src="https://chart.googleapis.com/chart?chs=250x250&chld=L|2&cht=qr&chl=
            			0x6ce146d0431079fe70dffee5fb15ba687d7f9ae7"
            />
</div>,
          <div
            className="details"
>
            <h3>
                        order.initial1
                        :
                         
                        <span
                                    className="time"
                        >
                                    <b />
                        </span>
            </h3>
            <h4>
                        order.initial2
                         
                        <b>
                                    0.10000000
                                     
                                    ETH
                        </b>
                         
                        order.initial3
                        <br />
                        <b
                                    className="address"
                                    style={
                                                Object {
                                                            "wordWrap": "break-word",
                                                          }
                                    }
                        >
                                    0x6ce146d0431079fe70dffee5fb15ba687d7f9ae7
                        </b>
            </h4>
            <CopyToClipboard
                        onCopy={[Function]}
                        options={undefined}
                        text="0x6ce146d0431079fe70dffee5fb15ba687d7f9ae7"
            >
                        <button
                                    className="btn btn-default"
                                    data-test="copy-address"
                                    id="copy-to-clipboard"
                                    type="button"
                        >
                                    order.initial4
                        </button>
            </CopyToClipboard>
</div>,
        ],
        "className": "container",
      },
      "ref": null,
      "rendered": Array [
        Object {
          "instance": null,
          "key": undefined,
          "nodeType": "host",
          "props": Object {
            "children": <img
              alt="order.qr"
              className="qr"
              src="https://chart.googleapis.com/chart?chs=250x250&chld=L|2&cht=qr&chl=
			0x6ce146d0431079fe70dffee5fb15ba687d7f9ae7"
/>,
            "className": "qr-container",
          },
          "ref": null,
          "rendered": Object {
            "instance": null,
            "key": undefined,
            "nodeType": "host",
            "props": Object {
              "alt": "order.qr",
              "className": "qr",
              "src": "https://chart.googleapis.com/chart?chs=250x250&chld=L|2&cht=qr&chl=
			0x6ce146d0431079fe70dffee5fb15ba687d7f9ae7",
            },
            "ref": null,
            "rendered": null,
            "type": "img",
          },
          "type": "div",
        },
        Object {
          "instance": null,
          "key": undefined,
          "nodeType": "host",
          "props": Object {
            "children": Array [
              <h3>
                order.initial1
                :
                 
                <span
                                className="time"
                >
                                <b />
                </span>
</h3>,
              <h4>
                order.initial2
                 
                <b>
                                0.10000000
                                 
                                ETH
                </b>
                 
                order.initial3
                <br />
                <b
                                className="address"
                                style={
                                                Object {
                                                                "wordWrap": "break-word",
                                                              }
                                }
                >
                                0x6ce146d0431079fe70dffee5fb15ba687d7f9ae7
                </b>
</h4>,
              <CopyToClipboard
                onCopy={[Function]}
                options={undefined}
                text="0x6ce146d0431079fe70dffee5fb15ba687d7f9ae7"
>
                <button
                                className="btn btn-default"
                                data-test="copy-address"
                                id="copy-to-clipboard"
                                type="button"
                >
                                order.initial4
                </button>
</CopyToClipboard>,
            ],
            "className": "details",
          },
          "ref": null,
          "rendered": Array [
            Object {
              "instance": null,
              "key": undefined,
              "nodeType": "host",
              "props": Object {
                "children": Array [
                  "order.initial1",
                  ":",
                  " ",
                  <span
                    className="time"
>
                    <b />
</span>,
                ],
              },
              "ref": null,
              "rendered": Array [
                "order.initial1",
                ":",
                " ",
                Object {
                  "instance": null,
                  "key": undefined,
                  "nodeType": "host",
                  "props": Object {
                    "children": <b />,
                    "className": "time",
                  },
                  "ref": null,
                  "rendered": Object {
                    "instance": null,
                    "key": undefined,
                    "nodeType": "host",
                    "props": Object {
                      "children": undefined,
                    },
                    "ref": null,
                    "rendered": null,
                    "type": "b",
                  },
                  "type": "span",
                },
              ],
              "type": "h3",
            },
            Object {
              "instance": null,
              "key": undefined,
              "nodeType": "host",
              "props": Object {
                "children": Array [
                  "order.initial2",
                  " ",
                  <b>
                    0.10000000
                     
                    ETH
</b>,
                  " ",
                  "order.initial3",
                  <br />,
                  <b
                    className="address"
                    style={
                                        Object {
                                                            "wordWrap": "break-word",
                                                          }
                    }
>
                    0x6ce146d0431079fe70dffee5fb15ba687d7f9ae7
</b>,
                ],
              },
              "ref": null,
              "rendered": Array [
                "order.initial2",
                " ",
                Object {
                  "instance": null,
                  "key": undefined,
                  "nodeType": "host",
                  "props": Object {
                    "children": Array [
                      "0.10000000",
                      " ",
                      "ETH",
                    ],
                  },
                  "ref": null,
                  "rendered": Array [
                    "0.10000000",
                    " ",
                    "ETH",
                  ],
                  "type": "b",
                },
                " ",
                "order.initial3",
                Object {
                  "instance": null,
                  "key": undefined,
                  "nodeType": "host",
                  "props": Object {},
                  "ref": null,
                  "rendered": null,
                  "type": "br",
                },
                Object {
                  "instance": null,
                  "key": undefined,
                  "nodeType": "host",
                  "props": Object {
                    "children": "0x6ce146d0431079fe70dffee5fb15ba687d7f9ae7",
                    "className": "address",
                    "style": Object {
                      "wordWrap": "break-word",
                    },
                  },
                  "ref": null,
                  "rendered": "0x6ce146d0431079fe70dffee5fb15ba687d7f9ae7",
                  "type": "b",
                },
              ],
              "type": "h4",
            },
            Object {
              "instance": null,
              "key": undefined,
              "nodeType": "class",
              "props": Object {
                "children": <button
                  className="btn btn-default"
                  data-test="copy-address"
                  id="copy-to-clipboard"
                  type="button"
>
                  order.initial4
</button>,
                "onCopy": [Function],
                "options": undefined,
                "text": "0x6ce146d0431079fe70dffee5fb15ba687d7f9ae7",
              },
              "ref": null,
              "rendered": Object {
                "instance": null,
                "key": undefined,
                "nodeType": "host",
                "props": Object {
                  "children": "order.initial4",
                  "className": "btn btn-default",
                  "data-test": "copy-address",
                  "id": "copy-to-clipboard",
                  "type": "button",
                },
                "ref": null,
                "rendered": "order.initial4",
                "type": "button",
              },
              "type": [Function],
            },
          ],
          "type": "div",
        },
      ],
      "type": "div",
    },
  ],
  Symbol(enzyme.__options__): Object {
    "adapter": ReactSixteenAdapter {
      "options": Object {
        "enableComponentDidUpdateOnSetState": true,
      },
    },
  },
}
`;
