// Jest Snapshot v1, https://goo.gl/fbAQLP

exports[`Footer renders correctly 1`] = `
ShallowWrapper {
  "length": 1,
  Symbol(enzyme.__root__): [Circular],
  Symbol(enzyme.__unrendered__): <I18n
    ns="translations"
>
    [Function]
</I18n>,
  Symbol(enzyme.__renderer__): Object {
    "batchedUpdates": [Function],
    "getNode": [Function],
    "render": [Function],
    "simulateEvent": [Function],
    "unmount": [Function],
  },
  Symbol(enzyme.__node__): Object {
    "instance": null,
    "key": undefined,
    "nodeType": "host",
    "props": Object {
      "children": <div
        className="container"
>
        <div
                className="row"
        >
                <div
                        className="col-xs-12 col-sm-8 col-md-6"
                >
                        <Trans
                                i18nKey="footer.3"
                        >
                                <p
                                        className="address"
                                >
                                        All rights reserved, YOA LTD 2016-2017,
                                        <br />
                                        England & Wales
                                         
                                        <a
                                                href="https://beta.companieshouse.gov.uk/company/10009845"
                                                rel="noopener noreferrer"
                                                target="_blank"
                                        >
                                                registered company No. 10009845
                                        </a>
                                </p>
                        </Trans>
                </div>
                <div
                        className="col-xs-12 col-sm-4 col-md-6"
                >
                        <ul
                                className="links"
                        >
                                <li>
                                        <Link
                                                replace={false}
                                                to="/terms-and-conditions"
                                        >
                                                footer.1
                                        </Link>
                                </li>
                                <li>
                                        <Link
                                                replace={false}
                                                to="/privacy"
                                        >
                                                footer.2
                                        </Link>
                                </li>
                        </ul>
                </div>
        </div>
</div>,
      "className": "container",
    },
    "ref": null,
    "rendered": Object {
      "instance": null,
      "key": undefined,
      "nodeType": "host",
      "props": Object {
        "children": <div
          className="row"
>
          <div
                    className="col-xs-12 col-sm-8 col-md-6"
          >
                    <Trans
                              i18nKey="footer.3"
                    >
                              <p
                                        className="address"
                              >
                                        All rights reserved, YOA LTD 2016-2017,
                                        <br />
                                        England & Wales
                                         
                                        <a
                                                  href="https://beta.companieshouse.gov.uk/company/10009845"
                                                  rel="noopener noreferrer"
                                                  target="_blank"
                                        >
                                                  registered company No. 10009845
                                        </a>
                              </p>
                    </Trans>
          </div>
          <div
                    className="col-xs-12 col-sm-4 col-md-6"
          >
                    <ul
                              className="links"
                    >
                              <li>
                                        <Link
                                                  replace={false}
                                                  to="/terms-and-conditions"
                                        >
                                                  footer.1
                                        </Link>
                              </li>
                              <li>
                                        <Link
                                                  replace={false}
                                                  to="/privacy"
                                        >
                                                  footer.2
                                        </Link>
                              </li>
                    </ul>
          </div>
</div>,
        "className": "container",
      },
      "ref": null,
      "rendered": Object {
        "instance": null,
        "key": undefined,
        "nodeType": "host",
        "props": Object {
          "children": Array [
            <div
              className="col-xs-12 col-sm-8 col-md-6"
>
              <Trans
                            i18nKey="footer.3"
              >
                            <p
                                          className="address"
                            >
                                          All rights reserved, YOA LTD 2016-2017,
                                          <br />
                                          England & Wales
                                           
                                          <a
                                                        href="https://beta.companieshouse.gov.uk/company/10009845"
                                                        rel="noopener noreferrer"
                                                        target="_blank"
                                          >
                                                        registered company No. 10009845
                                          </a>
                            </p>
              </Trans>
</div>,
            <div
              className="col-xs-12 col-sm-4 col-md-6"
>
              <ul
                            className="links"
              >
                            <li>
                                          <Link
                                                        replace={false}
                                                        to="/terms-and-conditions"
                                          >
                                                        footer.1
                                          </Link>
                            </li>
                            <li>
                                          <Link
                                                        replace={false}
                                                        to="/privacy"
                                          >
                                                        footer.2
                                          </Link>
                            </li>
              </ul>
</div>,
          ],
          "className": "row",
        },
        "ref": null,
        "rendered": Array [
          Object {
            "instance": null,
            "key": undefined,
            "nodeType": "host",
            "props": Object {
              "children": <Trans
                i18nKey="footer.3"
>
                <p
                                className="address"
                >
                                All rights reserved, YOA LTD 2016-2017,
                                <br />
                                England & Wales
                                 
                                <a
                                                href="https://beta.companieshouse.gov.uk/company/10009845"
                                                rel="noopener noreferrer"
                                                target="_blank"
                                >
                                                registered company No. 10009845
                                </a>
                </p>
</Trans>,
              "className": "col-xs-12 col-sm-8 col-md-6",
            },
            "ref": null,
            "rendered": Object {
              "instance": null,
              "key": undefined,
              "nodeType": "function",
              "props": Object {
                "children": <p
                  className="address"
>
                  All rights reserved, YOA LTD 2016-2017,
                  <br />
                  England & Wales
                   
                  <a
                                    href="https://beta.companieshouse.gov.uk/company/10009845"
                                    rel="noopener noreferrer"
                                    target="_blank"
                  >
                                    registered company No. 10009845
                  </a>
</p>,
                "i18nKey": "footer.3",
              },
              "ref": null,
              "rendered": Object {
                "instance": null,
                "key": undefined,
                "nodeType": "host",
                "props": Object {
                  "children": Array [
                    "All rights reserved, YOA LTD 2016-2017,",
                    <br />,
                    "England & Wales",
                    " ",
                    <a
                      href="https://beta.companieshouse.gov.uk/company/10009845"
                      rel="noopener noreferrer"
                      target="_blank"
>
                      registered company No. 10009845
</a>,
                  ],
                  "className": "address",
                },
                "ref": null,
                "rendered": Array [
                  "All rights reserved, YOA LTD 2016-2017,",
                  Object {
                    "instance": null,
                    "key": undefined,
                    "nodeType": "host",
                    "props": Object {},
                    "ref": null,
                    "rendered": null,
                    "type": "br",
                  },
                  "England & Wales",
                  " ",
                  Object {
                    "instance": null,
                    "key": undefined,
                    "nodeType": "host",
                    "props": Object {
                      "children": "registered company No. 10009845",
                      "href": "https://beta.companieshouse.gov.uk/company/10009845",
                      "rel": "noopener noreferrer",
                      "target": "_blank",
                    },
                    "ref": null,
                    "rendered": "registered company No. 10009845",
                    "type": "a",
                  },
                ],
                "type": "p",
              },
              "type": [Function],
            },
            "type": "div",
          },
          Object {
            "instance": null,
            "key": undefined,
            "nodeType": "host",
            "props": Object {
              "children": <ul
                className="links"
>
                <li>
                                <Link
                                                replace={false}
                                                to="/terms-and-conditions"
                                >
                                                footer.1
                                </Link>
                </li>
                <li>
                                <Link
                                                replace={false}
                                                to="/privacy"
                                >
                                                footer.2
                                </Link>
                </li>
</ul>,
              "className": "col-xs-12 col-sm-4 col-md-6",
            },
            "ref": null,
            "rendered": Object {
              "instance": null,
              "key": undefined,
              "nodeType": "host",
              "props": Object {
                "children": Array [
                  <li>
                    <Link
                                        replace={false}
                                        to="/terms-and-conditions"
                    >
                                        footer.1
                    </Link>
</li>,
                  <li>
                    <Link
                                        replace={false}
                                        to="/privacy"
                    >
                                        footer.2
                    </Link>
</li>,
                ],
                "className": "links",
              },
              "ref": null,
              "rendered": Array [
                Object {
                  "instance": null,
                  "key": undefined,
                  "nodeType": "host",
                  "props": Object {
                    "children": <Link
                      replace={false}
                      to="/terms-and-conditions"
>
                      footer.1
</Link>,
                  },
                  "ref": null,
                  "rendered": Object {
                    "instance": null,
                    "key": undefined,
                    "nodeType": "class",
                    "props": Object {
                      "children": "footer.1",
                      "replace": false,
                      "to": "/terms-and-conditions",
                    },
                    "ref": null,
                    "rendered": "footer.1",
                    "type": [Function],
                  },
                  "type": "li",
                },
                Object {
                  "instance": null,
                  "key": undefined,
                  "nodeType": "host",
                  "props": Object {
                    "children": <Link
                      replace={false}
                      to="/privacy"
>
                      footer.2
</Link>,
                  },
                  "ref": null,
                  "rendered": Object {
                    "instance": null,
                    "key": undefined,
                    "nodeType": "class",
                    "props": Object {
                      "children": "footer.2",
                      "replace": false,
                      "to": "/privacy",
                    },
                    "ref": null,
                    "rendered": "footer.2",
                    "type": [Function],
                  },
                  "type": "li",
                },
              ],
              "type": "ul",
            },
            "type": "div",
          },
        ],
        "type": "div",
      },
      "type": "div",
    },
    "type": "footer",
  },
  Symbol(enzyme.__nodes__): Array [
    Object {
      "instance": null,
      "key": undefined,
      "nodeType": "host",
      "props": Object {
        "children": <div
          className="container"
>
          <div
                    className="row"
          >
                    <div
                              className="col-xs-12 col-sm-8 col-md-6"
                    >
                              <Trans
                                        i18nKey="footer.3"
                              >
                                        <p
                                                  className="address"
                                        >
                                                  All rights reserved, YOA LTD 2016-2017,
                                                  <br />
                                                  England & Wales
                                                   
                                                  <a
                                                            href="https://beta.companieshouse.gov.uk/company/10009845"
                                                            rel="noopener noreferrer"
                                                            target="_blank"
                                                  >
                                                            registered company No. 10009845
                                                  </a>
                                        </p>
                              </Trans>
                    </div>
                    <div
                              className="col-xs-12 col-sm-4 col-md-6"
                    >
                              <ul
                                        className="links"
                              >
                                        <li>
                                                  <Link
                                                            replace={false}
                                                            to="/terms-and-conditions"
                                                  >
                                                            footer.1
                                                  </Link>
                                        </li>
                                        <li>
                                                  <Link
                                                            replace={false}
                                                            to="/privacy"
                                                  >
                                                            footer.2
                                                  </Link>
                                        </li>
                              </ul>
                    </div>
          </div>
</div>,
        "className": "container",
      },
      "ref": null,
      "rendered": Object {
        "instance": null,
        "key": undefined,
        "nodeType": "host",
        "props": Object {
          "children": <div
            className="row"
>
            <div
                        className="col-xs-12 col-sm-8 col-md-6"
            >
                        <Trans
                                    i18nKey="footer.3"
                        >
                                    <p
                                                className="address"
                                    >
                                                All rights reserved, YOA LTD 2016-2017,
                                                <br />
                                                England & Wales
                                                 
                                                <a
                                                            href="https://beta.companieshouse.gov.uk/company/10009845"
                                                            rel="noopener noreferrer"
                                                            target="_blank"
                                                >
                                                            registered company No. 10009845
                                                </a>
                                    </p>
                        </Trans>
            </div>
            <div
                        className="col-xs-12 col-sm-4 col-md-6"
            >
                        <ul
                                    className="links"
                        >
                                    <li>
                                                <Link
                                                            replace={false}
                                                            to="/terms-and-conditions"
                                                >
                                                            footer.1
                                                </Link>
                                    </li>
                                    <li>
                                                <Link
                                                            replace={false}
                                                            to="/privacy"
                                                >
                                                            footer.2
                                                </Link>
                                    </li>
                        </ul>
            </div>
</div>,
          "className": "container",
        },
        "ref": null,
        "rendered": Object {
          "instance": null,
          "key": undefined,
          "nodeType": "host",
          "props": Object {
            "children": Array [
              <div
                className="col-xs-12 col-sm-8 col-md-6"
>
                <Trans
                                i18nKey="footer.3"
                >
                                <p
                                                className="address"
                                >
                                                All rights reserved, YOA LTD 2016-2017,
                                                <br />
                                                England & Wales
                                                 
                                                <a
                                                                href="https://beta.companieshouse.gov.uk/company/10009845"
                                                                rel="noopener noreferrer"
                                                                target="_blank"
                                                >
                                                                registered company No. 10009845
                                                </a>
                                </p>
                </Trans>
</div>,
              <div
                className="col-xs-12 col-sm-4 col-md-6"
>
                <ul
                                className="links"
                >
                                <li>
                                                <Link
                                                                replace={false}
                                                                to="/terms-and-conditions"
                                                >
                                                                footer.1
                                                </Link>
                                </li>
                                <li>
                                                <Link
                                                                replace={false}
                                                                to="/privacy"
                                                >
                                                                footer.2
                                                </Link>
                                </li>
                </ul>
</div>,
            ],
            "className": "row",
          },
          "ref": null,
          "rendered": Array [
            Object {
              "instance": null,
              "key": undefined,
              "nodeType": "host",
              "props": Object {
                "children": <Trans
                  i18nKey="footer.3"
>
                  <p
                                    className="address"
                  >
                                    All rights reserved, YOA LTD 2016-2017,
                                    <br />
                                    England & Wales
                                     
                                    <a
                                                      href="https://beta.companieshouse.gov.uk/company/10009845"
                                                      rel="noopener noreferrer"
                                                      target="_blank"
                                    >
                                                      registered company No. 10009845
                                    </a>
                  </p>
</Trans>,
                "className": "col-xs-12 col-sm-8 col-md-6",
              },
              "ref": null,
              "rendered": Object {
                "instance": null,
                "key": undefined,
                "nodeType": "function",
                "props": Object {
                  "children": <p
                    className="address"
>
                    All rights reserved, YOA LTD 2016-2017,
                    <br />
                    England & Wales
                     
                    <a
                                        href="https://beta.companieshouse.gov.uk/company/10009845"
                                        rel="noopener noreferrer"
                                        target="_blank"
                    >
                                        registered company No. 10009845
                    </a>
</p>,
                  "i18nKey": "footer.3",
                },
                "ref": null,
                "rendered": Object {
                  "instance": null,
                  "key": undefined,
                  "nodeType": "host",
                  "props": Object {
                    "children": Array [
                      "All rights reserved, YOA LTD 2016-2017,",
                      <br />,
                      "England & Wales",
                      " ",
                      <a
                        href="https://beta.companieshouse.gov.uk/company/10009845"
                        rel="noopener noreferrer"
                        target="_blank"
>
                        registered company No. 10009845
</a>,
                    ],
                    "className": "address",
                  },
                  "ref": null,
                  "rendered": Array [
                    "All rights reserved, YOA LTD 2016-2017,",
                    Object {
                      "instance": null,
                      "key": undefined,
                      "nodeType": "host",
                      "props": Object {},
                      "ref": null,
                      "rendered": null,
                      "type": "br",
                    },
                    "England & Wales",
                    " ",
                    Object {
                      "instance": null,
                      "key": undefined,
                      "nodeType": "host",
                      "props": Object {
                        "children": "registered company No. 10009845",
                        "href": "https://beta.companieshouse.gov.uk/company/10009845",
                        "rel": "noopener noreferrer",
                        "target": "_blank",
                      },
                      "ref": null,
                      "rendered": "registered company No. 10009845",
                      "type": "a",
                    },
                  ],
                  "type": "p",
                },
                "type": [Function],
              },
              "type": "div",
            },
            Object {
              "instance": null,
              "key": undefined,
              "nodeType": "host",
              "props": Object {
                "children": <ul
                  className="links"
>
                  <li>
                                    <Link
                                                      replace={false}
                                                      to="/terms-and-conditions"
                                    >
                                                      footer.1
                                    </Link>
                  </li>
                  <li>
                                    <Link
                                                      replace={false}
                                                      to="/privacy"
                                    >
                                                      footer.2
                                    </Link>
                  </li>
</ul>,
                "className": "col-xs-12 col-sm-4 col-md-6",
              },
              "ref": null,
              "rendered": Object {
                "instance": null,
                "key": undefined,
                "nodeType": "host",
                "props": Object {
                  "children": Array [
                    <li>
                      <Link
                                            replace={false}
                                            to="/terms-and-conditions"
                      >
                                            footer.1
                      </Link>
</li>,
                    <li>
                      <Link
                                            replace={false}
                                            to="/privacy"
                      >
                                            footer.2
                      </Link>
</li>,
                  ],
                  "className": "links",
                },
                "ref": null,
                "rendered": Array [
                  Object {
                    "instance": null,
                    "key": undefined,
                    "nodeType": "host",
                    "props": Object {
                      "children": <Link
                        replace={false}
                        to="/terms-and-conditions"
>
                        footer.1
</Link>,
                    },
                    "ref": null,
                    "rendered": Object {
                      "instance": null,
                      "key": undefined,
                      "nodeType": "class",
                      "props": Object {
                        "children": "footer.1",
                        "replace": false,
                        "to": "/terms-and-conditions",
                      },
                      "ref": null,
                      "rendered": "footer.1",
                      "type": [Function],
                    },
                    "type": "li",
                  },
                  Object {
                    "instance": null,
                    "key": undefined,
                    "nodeType": "host",
                    "props": Object {
                      "children": <Link
                        replace={false}
                        to="/privacy"
>
                        footer.2
</Link>,
                    },
                    "ref": null,
                    "rendered": Object {
                      "instance": null,
                      "key": undefined,
                      "nodeType": "class",
                      "props": Object {
                        "children": "footer.2",
                        "replace": false,
                        "to": "/privacy",
                      },
                      "ref": null,
                      "rendered": "footer.2",
                      "type": [Function],
                    },
                    "type": "li",
                  },
                ],
                "type": "ul",
              },
              "type": "div",
            },
          ],
          "type": "div",
        },
        "type": "div",
      },
      "type": "footer",
    },
  ],
  Symbol(enzyme.__options__): Object {
    "adapter": ReactSixteenAdapter {
      "options": Object {
        "enableComponentDidUpdateOnSetState": true,
      },
    },
  },
}
`;
