// Jest Snapshot v1, https://goo.gl/fbAQLP

exports[`Bookmark renders correctly 1`] = `
ShallowWrapper {
  "length": 1,
  Symbol(enzyme.__root__): [Circular],
  Symbol(enzyme.__unrendered__): <I18n
    ns="translations"
>
    [Function]
</I18n>,
  Symbol(enzyme.__renderer__): Object {
    "batchedUpdates": [Function],
    "getNode": [Function],
    "render": [Function],
    "simulateEvent": [Function],
    "unmount": [Function],
  },
  Symbol(enzyme.__node__): Object {
    "instance": null,
    "key": undefined,
    "nodeType": "class",
    "props": Object {
      "animation": true,
      "autoFocus": true,
      "backdrop": true,
      "bsClass": "modal",
      "children": <div
        className="modal-content"
        id="bookmark"
>
        <div
                className="modal-header"
        >
                <button
                        aria-hidden="true"
                        className="close"
                        data-dismiss="modal"
                        onClick={undefined}
                        type="button"
                >
                        <i
                                className="material-icons"
                        >
                                clear
                        </i>
                </button>
                <h4
                        className="modal-title"
                        data-original-title="Copy"
                        data-placement="top"
                        data-toggle="tooltip"
                >
                        bookmark.0
                </h4>
        </div>
        <div
                className="modal-body"
        >
                <p
                        className="text"
                >
                        bookmark.1
                         
                        <b>
                                Ctrl
                                 + D
                        </b>
                         
                        bookmark.2
                </p>
                <div
                        className="input-group"
                >
                        <div
                                className="form-group is-empty"
                        >
                                <input
                                        className="form-control"
                                        disabled={true}
                                        placeholder="With Material Icons"
                                        type="text"
                                        value="http://localhost/"
                                />
                                <span
                                        className="material-input"
                                />
                        </div>
                        <CopyToClipboard
                                onCopy={[Function]}
                                options={undefined}
                                text="http://localhost/"
                        >
                                <span
                                        className="input-group-addon input-group-addon"
                                >
                                        <i
                                                aria-hidden="true"
                                                className="fas fa-clipboard"
                                        />
                                </span>
                        </CopyToClipboard>
                </div>
        </div>
</div>,
      "dialogComponentClass": [Function],
      "enforceFocus": true,
      "keyboard": true,
      "manager": ModalManager {
        "add": [Function],
        "containers": Array [],
        "data": Array [],
        "handleContainerOverflow": true,
        "hideSiblingNodes": true,
        "isTopModal": [Function],
        "modals": Array [],
        "remove": [Function],
      },
      "onHide": [Function],
      "renderBackdrop": [Function],
      "restoreFocus": true,
      "show": false,
    },
    "ref": null,
    "rendered": Object {
      "instance": null,
      "key": undefined,
      "nodeType": "host",
      "props": Object {
        "children": Array [
          <div
            className="modal-header"
>
            <button
                        aria-hidden="true"
                        className="close"
                        data-dismiss="modal"
                        onClick={undefined}
                        type="button"
            >
                        <i
                                    className="material-icons"
                        >
                                    clear
                        </i>
            </button>
            <h4
                        className="modal-title"
                        data-original-title="Copy"
                        data-placement="top"
                        data-toggle="tooltip"
            >
                        bookmark.0
            </h4>
</div>,
          <div
            className="modal-body"
>
            <p
                        className="text"
            >
                        bookmark.1
                         
                        <b>
                                    Ctrl
                                     + D
                        </b>
                         
                        bookmark.2
            </p>
            <div
                        className="input-group"
            >
                        <div
                                    className="form-group is-empty"
                        >
                                    <input
                                                className="form-control"
                                                disabled={true}
                                                placeholder="With Material Icons"
                                                type="text"
                                                value="http://localhost/"
                                    />
                                    <span
                                                className="material-input"
                                    />
                        </div>
                        <CopyToClipboard
                                    onCopy={[Function]}
                                    options={undefined}
                                    text="http://localhost/"
                        >
                                    <span
                                                className="input-group-addon input-group-addon"
                                    >
                                                <i
                                                            aria-hidden="true"
                                                            className="fas fa-clipboard"
                                                />
                                    </span>
                        </CopyToClipboard>
            </div>
</div>,
        ],
        "className": "modal-content",
        "id": "bookmark",
      },
      "ref": null,
      "rendered": Array [
        Object {
          "instance": null,
          "key": undefined,
          "nodeType": "host",
          "props": Object {
            "children": Array [
              <button
                aria-hidden="true"
                className="close"
                data-dismiss="modal"
                onClick={undefined}
                type="button"
>
                <i
                                className="material-icons"
                >
                                clear
                </i>
</button>,
              <h4
                className="modal-title"
                data-original-title="Copy"
                data-placement="top"
                data-toggle="tooltip"
>
                bookmark.0
</h4>,
            ],
            "className": "modal-header",
          },
          "ref": null,
          "rendered": Array [
            Object {
              "instance": null,
              "key": undefined,
              "nodeType": "host",
              "props": Object {
                "aria-hidden": "true",
                "children": <i
                  className="material-icons"
>
                  clear
</i>,
                "className": "close",
                "data-dismiss": "modal",
                "onClick": undefined,
                "type": "button",
              },
              "ref": null,
              "rendered": Object {
                "instance": null,
                "key": undefined,
                "nodeType": "host",
                "props": Object {
                  "children": "clear",
                  "className": "material-icons",
                },
                "ref": null,
                "rendered": "clear",
                "type": "i",
              },
              "type": "button",
            },
            Object {
              "instance": null,
              "key": undefined,
              "nodeType": "host",
              "props": Object {
                "children": "bookmark.0",
                "className": "modal-title",
                "data-original-title": "Copy",
                "data-placement": "top",
                "data-toggle": "tooltip",
              },
              "ref": null,
              "rendered": "bookmark.0",
              "type": "h4",
            },
          ],
          "type": "div",
        },
        Object {
          "instance": null,
          "key": undefined,
          "nodeType": "host",
          "props": Object {
            "children": Array [
              <p
                className="text"
>
                bookmark.1
                 
                <b>
                                Ctrl
                                 + D
                </b>
                 
                bookmark.2
</p>,
              <div
                className="input-group"
>
                <div
                                className="form-group is-empty"
                >
                                <input
                                                className="form-control"
                                                disabled={true}
                                                placeholder="With Material Icons"
                                                type="text"
                                                value="http://localhost/"
                                />
                                <span
                                                className="material-input"
                                />
                </div>
                <CopyToClipboard
                                onCopy={[Function]}
                                options={undefined}
                                text="http://localhost/"
                >
                                <span
                                                className="input-group-addon input-group-addon"
                                >
                                                <i
                                                                aria-hidden="true"
                                                                className="fas fa-clipboard"
                                                />
                                </span>
                </CopyToClipboard>
</div>,
            ],
            "className": "modal-body",
          },
          "ref": null,
          "rendered": Array [
            Object {
              "instance": null,
              "key": undefined,
              "nodeType": "host",
              "props": Object {
                "children": Array [
                  "bookmark.1",
                  " ",
                  <b>
                    Ctrl
                     + D
</b>,
                  " ",
                  "bookmark.2",
                ],
                "className": "text",
              },
              "ref": null,
              "rendered": Array [
                "bookmark.1",
                " ",
                Object {
                  "instance": null,
                  "key": undefined,
                  "nodeType": "host",
                  "props": Object {
                    "children": Array [
                      "Ctrl",
                      " + D",
                    ],
                  },
                  "ref": null,
                  "rendered": Array [
                    "Ctrl",
                    " + D",
                  ],
                  "type": "b",
                },
                " ",
                "bookmark.2",
              ],
              "type": "p",
            },
            Object {
              "instance": null,
              "key": undefined,
              "nodeType": "host",
              "props": Object {
                "children": Array [
                  <div
                    className="form-group is-empty"
>
                    <input
                                        className="form-control"
                                        disabled={true}
                                        placeholder="With Material Icons"
                                        type="text"
                                        value="http://localhost/"
                    />
                    <span
                                        className="material-input"
                    />
</div>,
                  <CopyToClipboard
                    onCopy={[Function]}
                    options={undefined}
                    text="http://localhost/"
>
                    <span
                                        className="input-group-addon input-group-addon"
                    >
                                        <i
                                                            aria-hidden="true"
                                                            className="fas fa-clipboard"
                                        />
                    </span>
</CopyToClipboard>,
                ],
                "className": "input-group",
              },
              "ref": null,
              "rendered": Array [
                Object {
                  "instance": null,
                  "key": undefined,
                  "nodeType": "host",
                  "props": Object {
                    "children": Array [
                      <input
                        className="form-control"
                        disabled={true}
                        placeholder="With Material Icons"
                        type="text"
                        value="http://localhost/"
/>,
                      <span
                        className="material-input"
/>,
                    ],
                    "className": "form-group is-empty",
                  },
                  "ref": null,
                  "rendered": Array [
                    Object {
                      "instance": null,
                      "key": undefined,
                      "nodeType": "host",
                      "props": Object {
                        "className": "form-control",
                        "disabled": true,
                        "placeholder": "With Material Icons",
                        "type": "text",
                        "value": "http://localhost/",
                      },
                      "ref": null,
                      "rendered": null,
                      "type": "input",
                    },
                    Object {
                      "instance": null,
                      "key": undefined,
                      "nodeType": "host",
                      "props": Object {
                        "className": "material-input",
                      },
                      "ref": null,
                      "rendered": null,
                      "type": "span",
                    },
                  ],
                  "type": "div",
                },
                Object {
                  "instance": null,
                  "key": undefined,
                  "nodeType": "class",
                  "props": Object {
                    "children": <span
                      className="input-group-addon input-group-addon"
>
                      <i
                                            aria-hidden="true"
                                            className="fas fa-clipboard"
                      />
</span>,
                    "onCopy": [Function],
                    "options": undefined,
                    "text": "http://localhost/",
                  },
                  "ref": null,
                  "rendered": Object {
                    "instance": null,
                    "key": undefined,
                    "nodeType": "host",
                    "props": Object {
                      "children": <i
                        aria-hidden="true"
                        className="fas fa-clipboard"
/>,
                      "className": "input-group-addon input-group-addon",
                    },
                    "ref": null,
                    "rendered": Object {
                      "instance": null,
                      "key": undefined,
                      "nodeType": "host",
                      "props": Object {
                        "aria-hidden": "true",
                        "className": "fas fa-clipboard",
                      },
                      "ref": null,
                      "rendered": null,
                      "type": "i",
                    },
                    "type": "span",
                  },
                  "type": [Function],
                },
              ],
              "type": "div",
            },
          ],
          "type": "div",
        },
      ],
      "type": "div",
    },
    "type": [Function],
  },
  Symbol(enzyme.__nodes__): Array [
    Object {
      "instance": null,
      "key": undefined,
      "nodeType": "class",
      "props": Object {
        "animation": true,
        "autoFocus": true,
        "backdrop": true,
        "bsClass": "modal",
        "children": <div
          className="modal-content"
          id="bookmark"
>
          <div
                    className="modal-header"
          >
                    <button
                              aria-hidden="true"
                              className="close"
                              data-dismiss="modal"
                              onClick={undefined}
                              type="button"
                    >
                              <i
                                        className="material-icons"
                              >
                                        clear
                              </i>
                    </button>
                    <h4
                              className="modal-title"
                              data-original-title="Copy"
                              data-placement="top"
                              data-toggle="tooltip"
                    >
                              bookmark.0
                    </h4>
          </div>
          <div
                    className="modal-body"
          >
                    <p
                              className="text"
                    >
                              bookmark.1
                               
                              <b>
                                        Ctrl
                                         + D
                              </b>
                               
                              bookmark.2
                    </p>
                    <div
                              className="input-group"
                    >
                              <div
                                        className="form-group is-empty"
                              >
                                        <input
                                                  className="form-control"
                                                  disabled={true}
                                                  placeholder="With Material Icons"
                                                  type="text"
                                                  value="http://localhost/"
                                        />
                                        <span
                                                  className="material-input"
                                        />
                              </div>
                              <CopyToClipboard
                                        onCopy={[Function]}
                                        options={undefined}
                                        text="http://localhost/"
                              >
                                        <span
                                                  className="input-group-addon input-group-addon"
                                        >
                                                  <i
                                                            aria-hidden="true"
                                                            className="fas fa-clipboard"
                                                  />
                                        </span>
                              </CopyToClipboard>
                    </div>
          </div>
</div>,
        "dialogComponentClass": [Function],
        "enforceFocus": true,
        "keyboard": true,
        "manager": ModalManager {
          "add": [Function],
          "containers": Array [],
          "data": Array [],
          "handleContainerOverflow": true,
          "hideSiblingNodes": true,
          "isTopModal": [Function],
          "modals": Array [],
          "remove": [Function],
        },
        "onHide": [Function],
        "renderBackdrop": [Function],
        "restoreFocus": true,
        "show": false,
      },
      "ref": null,
      "rendered": Object {
        "instance": null,
        "key": undefined,
        "nodeType": "host",
        "props": Object {
          "children": Array [
            <div
              className="modal-header"
>
              <button
                            aria-hidden="true"
                            className="close"
                            data-dismiss="modal"
                            onClick={undefined}
                            type="button"
              >
                            <i
                                          className="material-icons"
                            >
                                          clear
                            </i>
              </button>
              <h4
                            className="modal-title"
                            data-original-title="Copy"
                            data-placement="top"
                            data-toggle="tooltip"
              >
                            bookmark.0
              </h4>
</div>,
            <div
              className="modal-body"
>
              <p
                            className="text"
              >
                            bookmark.1
                             
                            <b>
                                          Ctrl
                                           + D
                            </b>
                             
                            bookmark.2
              </p>
              <div
                            className="input-group"
              >
                            <div
                                          className="form-group is-empty"
                            >
                                          <input
                                                        className="form-control"
                                                        disabled={true}
                                                        placeholder="With Material Icons"
                                                        type="text"
                                                        value="http://localhost/"
                                          />
                                          <span
                                                        className="material-input"
                                          />
                            </div>
                            <CopyToClipboard
                                          onCopy={[Function]}
                                          options={undefined}
                                          text="http://localhost/"
                            >
                                          <span
                                                        className="input-group-addon input-group-addon"
                                          >
                                                        <i
                                                                      aria-hidden="true"
                                                                      className="fas fa-clipboard"
                                                        />
                                          </span>
                            </CopyToClipboard>
              </div>
</div>,
          ],
          "className": "modal-content",
          "id": "bookmark",
        },
        "ref": null,
        "rendered": Array [
          Object {
            "instance": null,
            "key": undefined,
            "nodeType": "host",
            "props": Object {
              "children": Array [
                <button
                  aria-hidden="true"
                  className="close"
                  data-dismiss="modal"
                  onClick={undefined}
                  type="button"
>
                  <i
                                    className="material-icons"
                  >
                                    clear
                  </i>
</button>,
                <h4
                  className="modal-title"
                  data-original-title="Copy"
                  data-placement="top"
                  data-toggle="tooltip"
>
                  bookmark.0
</h4>,
              ],
              "className": "modal-header",
            },
            "ref": null,
            "rendered": Array [
              Object {
                "instance": null,
                "key": undefined,
                "nodeType": "host",
                "props": Object {
                  "aria-hidden": "true",
                  "children": <i
                    className="material-icons"
>
                    clear
</i>,
                  "className": "close",
                  "data-dismiss": "modal",
                  "onClick": undefined,
                  "type": "button",
                },
                "ref": null,
                "rendered": Object {
                  "instance": null,
                  "key": undefined,
                  "nodeType": "host",
                  "props": Object {
                    "children": "clear",
                    "className": "material-icons",
                  },
                  "ref": null,
                  "rendered": "clear",
                  "type": "i",
                },
                "type": "button",
              },
              Object {
                "instance": null,
                "key": undefined,
                "nodeType": "host",
                "props": Object {
                  "children": "bookmark.0",
                  "className": "modal-title",
                  "data-original-title": "Copy",
                  "data-placement": "top",
                  "data-toggle": "tooltip",
                },
                "ref": null,
                "rendered": "bookmark.0",
                "type": "h4",
              },
            ],
            "type": "div",
          },
          Object {
            "instance": null,
            "key": undefined,
            "nodeType": "host",
            "props": Object {
              "children": Array [
                <p
                  className="text"
>
                  bookmark.1
                   
                  <b>
                                    Ctrl
                                     + D
                  </b>
                   
                  bookmark.2
</p>,
                <div
                  className="input-group"
>
                  <div
                                    className="form-group is-empty"
                  >
                                    <input
                                                      className="form-control"
                                                      disabled={true}
                                                      placeholder="With Material Icons"
                                                      type="text"
                                                      value="http://localhost/"
                                    />
                                    <span
                                                      className="material-input"
                                    />
                  </div>
                  <CopyToClipboard
                                    onCopy={[Function]}
                                    options={undefined}
                                    text="http://localhost/"
                  >
                                    <span
                                                      className="input-group-addon input-group-addon"
                                    >
                                                      <i
                                                                        aria-hidden="true"
                                                                        className="fas fa-clipboard"
                                                      />
                                    </span>
                  </CopyToClipboard>
</div>,
              ],
              "className": "modal-body",
            },
            "ref": null,
            "rendered": Array [
              Object {
                "instance": null,
                "key": undefined,
                "nodeType": "host",
                "props": Object {
                  "children": Array [
                    "bookmark.1",
                    " ",
                    <b>
                      Ctrl
                       + D
</b>,
                    " ",
                    "bookmark.2",
                  ],
                  "className": "text",
                },
                "ref": null,
                "rendered": Array [
                  "bookmark.1",
                  " ",
                  Object {
                    "instance": null,
                    "key": undefined,
                    "nodeType": "host",
                    "props": Object {
                      "children": Array [
                        "Ctrl",
                        " + D",
                      ],
                    },
                    "ref": null,
                    "rendered": Array [
                      "Ctrl",
                      " + D",
                    ],
                    "type": "b",
                  },
                  " ",
                  "bookmark.2",
                ],
                "type": "p",
              },
              Object {
                "instance": null,
                "key": undefined,
                "nodeType": "host",
                "props": Object {
                  "children": Array [
                    <div
                      className="form-group is-empty"
>
                      <input
                                            className="form-control"
                                            disabled={true}
                                            placeholder="With Material Icons"
                                            type="text"
                                            value="http://localhost/"
                      />
                      <span
                                            className="material-input"
                      />
</div>,
                    <CopyToClipboard
                      onCopy={[Function]}
                      options={undefined}
                      text="http://localhost/"
>
                      <span
                                            className="input-group-addon input-group-addon"
                      >
                                            <i
                                                                  aria-hidden="true"
                                                                  className="fas fa-clipboard"
                                            />
                      </span>
</CopyToClipboard>,
                  ],
                  "className": "input-group",
                },
                "ref": null,
                "rendered": Array [
                  Object {
                    "instance": null,
                    "key": undefined,
                    "nodeType": "host",
                    "props": Object {
                      "children": Array [
                        <input
                          className="form-control"
                          disabled={true}
                          placeholder="With Material Icons"
                          type="text"
                          value="http://localhost/"
/>,
                        <span
                          className="material-input"
/>,
                      ],
                      "className": "form-group is-empty",
                    },
                    "ref": null,
                    "rendered": Array [
                      Object {
                        "instance": null,
                        "key": undefined,
                        "nodeType": "host",
                        "props": Object {
                          "className": "form-control",
                          "disabled": true,
                          "placeholder": "With Material Icons",
                          "type": "text",
                          "value": "http://localhost/",
                        },
                        "ref": null,
                        "rendered": null,
                        "type": "input",
                      },
                      Object {
                        "instance": null,
                        "key": undefined,
                        "nodeType": "host",
                        "props": Object {
                          "className": "material-input",
                        },
                        "ref": null,
                        "rendered": null,
                        "type": "span",
                      },
                    ],
                    "type": "div",
                  },
                  Object {
                    "instance": null,
                    "key": undefined,
                    "nodeType": "class",
                    "props": Object {
                      "children": <span
                        className="input-group-addon input-group-addon"
>
                        <i
                                                aria-hidden="true"
                                                className="fas fa-clipboard"
                        />
</span>,
                      "onCopy": [Function],
                      "options": undefined,
                      "text": "http://localhost/",
                    },
                    "ref": null,
                    "rendered": Object {
                      "instance": null,
                      "key": undefined,
                      "nodeType": "host",
                      "props": Object {
                        "children": <i
                          aria-hidden="true"
                          className="fas fa-clipboard"
/>,
                        "className": "input-group-addon input-group-addon",
                      },
                      "ref": null,
                      "rendered": Object {
                        "instance": null,
                        "key": undefined,
                        "nodeType": "host",
                        "props": Object {
                          "aria-hidden": "true",
                          "className": "fas fa-clipboard",
                        },
                        "ref": null,
                        "rendered": null,
                        "type": "i",
                      },
                      "type": "span",
                    },
                    "type": [Function],
                  },
                ],
                "type": "div",
              },
            ],
            "type": "div",
          },
        ],
        "type": "div",
      },
      "type": [Function],
    },
  ],
  Symbol(enzyme.__options__): Object {
    "adapter": ReactSixteenAdapter {
      "options": Object {
        "enableComponentDidUpdateOnSetState": true,
      },
    },
  },
}
`;
