// Jest Snapshot v1, https://goo.gl/fbAQLP

exports[`OrderLinks renders correctly 1`] = `
ShallowWrapper {
  "length": 1,
  Symbol(enzyme.__root__): [Circular],
  Symbol(enzyme.__unrendered__): <I18n
    ns="translations"
>
    [Function]
</I18n>,
  Symbol(enzyme.__renderer__): Object {
    "batchedUpdates": [Function],
    "getNode": [Function],
    "render": [Function],
    "simulateEvent": [Function],
    "unmount": [Function],
  },
  Symbol(enzyme.__node__): Object {
    "instance": null,
    "key": undefined,
    "nodeType": "host",
    "props": Object {
      "children": Array [
        <a
          className="btn btn"
          href="https://api.nexchange.io/en/api/v1/orders/OV2O6C"
          target="_blank"
>
          order.api
</a>,
        <a
          className="btn btn"
          href="https://blockchain.info/tx/123"
          target="_blank"
>
          order.blockchain
</a>,
      ],
      "className": "links",
    },
    "ref": null,
    "rendered": Array [
      Object {
        "instance": null,
        "key": undefined,
        "nodeType": "host",
        "props": Object {
          "children": "order.api",
          "className": "btn btn",
          "href": "https://api.nexchange.io/en/api/v1/orders/OV2O6C",
          "target": "_blank",
        },
        "ref": null,
        "rendered": "order.api",
        "type": "a",
      },
      Object {
        "instance": null,
        "key": undefined,
        "nodeType": "host",
        "props": Object {
          "children": "order.blockchain",
          "className": "btn btn",
          "href": "https://blockchain.info/tx/123",
          "target": "_blank",
        },
        "ref": null,
        "rendered": "order.blockchain",
        "type": "a",
      },
    ],
    "type": "div",
  },
  Symbol(enzyme.__nodes__): Array [
    Object {
      "instance": null,
      "key": undefined,
      "nodeType": "host",
      "props": Object {
        "children": Array [
          <a
            className="btn btn"
            href="https://api.nexchange.io/en/api/v1/orders/OV2O6C"
            target="_blank"
>
            order.api
</a>,
          <a
            className="btn btn"
            href="https://blockchain.info/tx/123"
            target="_blank"
>
            order.blockchain
</a>,
        ],
        "className": "links",
      },
      "ref": null,
      "rendered": Array [
        Object {
          "instance": null,
          "key": undefined,
          "nodeType": "host",
          "props": Object {
            "children": "order.api",
            "className": "btn btn",
            "href": "https://api.nexchange.io/en/api/v1/orders/OV2O6C",
            "target": "_blank",
          },
          "ref": null,
          "rendered": "order.api",
          "type": "a",
        },
        Object {
          "instance": null,
          "key": undefined,
          "nodeType": "host",
          "props": Object {
            "children": "order.blockchain",
            "className": "btn btn",
            "href": "https://blockchain.info/tx/123",
            "target": "_blank",
          },
          "ref": null,
          "rendered": "order.blockchain",
          "type": "a",
        },
      ],
      "type": "div",
    },
  ],
  Symbol(enzyme.__options__): Object {
    "adapter": ReactSixteenAdapter {
      "options": Object {
        "enableComponentDidUpdateOnSetState": true,
      },
    },
  },
}
`;
