// Jest Snapshot v1, https://goo.gl/fbAQLP

exports[`Hero renders correctly 1`] = `
ShallowWrapper {
  "length": 1,
  Symbol(enzyme.__root__): [Circular],
  Symbol(enzyme.__unrendered__): <I18n
    ns="translations"
>
    [Function]
</I18n>,
  Symbol(enzyme.__renderer__): Object {
    "batchedUpdates": [Function],
    "getNode": [Function],
    "render": [Function],
    "simulateEvent": [Function],
    "unmount": [Function],
  },
  Symbol(enzyme.__node__): Object {
    "instance": null,
    "key": undefined,
    "nodeType": "host",
    "props": Object {
      "children": Array [
        <Connect(ErrorAlert) />,
        <div
          className="container"
>
          <div
                    className="row"
          >
                    <div
                              className="col-xs-12"
                    >
                              <div
                                        className="brand"
                              >
                                        <h1>
                                                  hero.1
                                        </h1>
                                        <Trans
                                                  i18nKey="hero.2"
                                        >
                                                  <h2>
                                                            Simple. 
                                                            <span
                                                                      className="text-green"
                                                            >
                                                                      Secure
                                                            </span>
                                                            . Transparent.
                                                  </h2>
                                        </Trans>
                              </div>
                    </div>
                    <Connect(ExchangeWidget)
                              store={undefined}
                    />
          </div>
</div>,
        <Connect(CoinPrices) />,
      ],
      "className": "hero",
    },
    "ref": null,
    "rendered": Array [
      Object {
        "instance": null,
        "key": undefined,
        "nodeType": "class",
        "props": Object {},
        "ref": null,
        "rendered": null,
        "type": [Function],
      },
      Object {
        "instance": null,
        "key": undefined,
        "nodeType": "host",
        "props": Object {
          "children": <div
            className="row"
>
            <div
                        className="col-xs-12"
            >
                        <div
                                    className="brand"
                        >
                                    <h1>
                                                hero.1
                                    </h1>
                                    <Trans
                                                i18nKey="hero.2"
                                    >
                                                <h2>
                                                            Simple. 
                                                            <span
                                                                        className="text-green"
                                                            >
                                                                        Secure
                                                            </span>
                                                            . Transparent.
                                                </h2>
                                    </Trans>
                        </div>
            </div>
            <Connect(ExchangeWidget)
                        store={undefined}
            />
</div>,
          "className": "container",
        },
        "ref": null,
        "rendered": Object {
          "instance": null,
          "key": undefined,
          "nodeType": "host",
          "props": Object {
            "children": Array [
              <div
                className="col-xs-12"
>
                <div
                                className="brand"
                >
                                <h1>
                                                hero.1
                                </h1>
                                <Trans
                                                i18nKey="hero.2"
                                >
                                                <h2>
                                                                Simple. 
                                                                <span
                                                                                className="text-green"
                                                                >
                                                                                Secure
                                                                </span>
                                                                . Transparent.
                                                </h2>
                                </Trans>
                </div>
</div>,
              <Connect(ExchangeWidget)
                store={undefined}
/>,
            ],
            "className": "row",
          },
          "ref": null,
          "rendered": Array [
            Object {
              "instance": null,
              "key": undefined,
              "nodeType": "host",
              "props": Object {
                "children": <div
                  className="brand"
>
                  <h1>
                                    hero.1
                  </h1>
                  <Trans
                                    i18nKey="hero.2"
                  >
                                    <h2>
                                                      Simple. 
                                                      <span
                                                                        className="text-green"
                                                      >
                                                                        Secure
                                                      </span>
                                                      . Transparent.
                                    </h2>
                  </Trans>
</div>,
                "className": "col-xs-12",
              },
              "ref": null,
              "rendered": Object {
                "instance": null,
                "key": undefined,
                "nodeType": "host",
                "props": Object {
                  "children": Array [
                    <h1>
                      hero.1
</h1>,
                    <Trans
                      i18nKey="hero.2"
>
                      <h2>
                                            Simple. 
                                            <span
                                                                  className="text-green"
                                            >
                                                                  Secure
                                            </span>
                                            . Transparent.
                      </h2>
</Trans>,
                  ],
                  "className": "brand",
                },
                "ref": null,
                "rendered": Array [
                  Object {
                    "instance": null,
                    "key": undefined,
                    "nodeType": "host",
                    "props": Object {
                      "children": "hero.1",
                    },
                    "ref": null,
                    "rendered": "hero.1",
                    "type": "h1",
                  },
                  Object {
                    "instance": null,
                    "key": undefined,
                    "nodeType": "function",
                    "props": Object {
                      "children": <h2>
                        Simple. 
                        <span
                                                className="text-green"
                        >
                                                Secure
                        </span>
                        . Transparent.
</h2>,
                      "i18nKey": "hero.2",
                    },
                    "ref": null,
                    "rendered": Object {
                      "instance": null,
                      "key": undefined,
                      "nodeType": "host",
                      "props": Object {
                        "children": Array [
                          "Simple. ",
                          <span
                            className="text-green"
>
                            Secure
</span>,
                          ". Transparent.",
                        ],
                      },
                      "ref": null,
                      "rendered": Array [
                        "Simple. ",
                        Object {
                          "instance": null,
                          "key": undefined,
                          "nodeType": "host",
                          "props": Object {
                            "children": "Secure",
                            "className": "text-green",
                          },
                          "ref": null,
                          "rendered": "Secure",
                          "type": "span",
                        },
                        ". Transparent.",
                      ],
                      "type": "h2",
                    },
                    "type": [Function],
                  },
                ],
                "type": "div",
              },
              "type": "div",
            },
            Object {
              "instance": null,
              "key": undefined,
              "nodeType": "class",
              "props": Object {
                "store": undefined,
              },
              "ref": null,
              "rendered": null,
              "type": [Function],
            },
          ],
          "type": "div",
        },
        "type": "div",
      },
      Object {
        "instance": null,
        "key": undefined,
        "nodeType": "class",
        "props": Object {},
        "ref": null,
        "rendered": null,
        "type": [Function],
      },
    ],
    "type": "div",
  },
  Symbol(enzyme.__nodes__): Array [
    Object {
      "instance": null,
      "key": undefined,
      "nodeType": "host",
      "props": Object {
        "children": Array [
          <Connect(ErrorAlert) />,
          <div
            className="container"
>
            <div
                        className="row"
            >
                        <div
                                    className="col-xs-12"
                        >
                                    <div
                                                className="brand"
                                    >
                                                <h1>
                                                            hero.1
                                                </h1>
                                                <Trans
                                                            i18nKey="hero.2"
                                                >
                                                            <h2>
                                                                        Simple. 
                                                                        <span
                                                                                    className="text-green"
                                                                        >
                                                                                    Secure
                                                                        </span>
                                                                        . Transparent.
                                                            </h2>
                                                </Trans>
                                    </div>
                        </div>
                        <Connect(ExchangeWidget)
                                    store={undefined}
                        />
            </div>
</div>,
          <Connect(CoinPrices) />,
        ],
        "className": "hero",
      },
      "ref": null,
      "rendered": Array [
        Object {
          "instance": null,
          "key": undefined,
          "nodeType": "class",
          "props": Object {},
          "ref": null,
          "rendered": null,
          "type": [Function],
        },
        Object {
          "instance": null,
          "key": undefined,
          "nodeType": "host",
          "props": Object {
            "children": <div
              className="row"
>
              <div
                            className="col-xs-12"
              >
                            <div
                                          className="brand"
                            >
                                          <h1>
                                                        hero.1
                                          </h1>
                                          <Trans
                                                        i18nKey="hero.2"
                                          >
                                                        <h2>
                                                                      Simple. 
                                                                      <span
                                                                                    className="text-green"
                                                                      >
                                                                                    Secure
                                                                      </span>
                                                                      . Transparent.
                                                        </h2>
                                          </Trans>
                            </div>
              </div>
              <Connect(ExchangeWidget)
                            store={undefined}
              />
</div>,
            "className": "container",
          },
          "ref": null,
          "rendered": Object {
            "instance": null,
            "key": undefined,
            "nodeType": "host",
            "props": Object {
              "children": Array [
                <div
                  className="col-xs-12"
>
                  <div
                                    className="brand"
                  >
                                    <h1>
                                                      hero.1
                                    </h1>
                                    <Trans
                                                      i18nKey="hero.2"
                                    >
                                                      <h2>
                                                                        Simple. 
                                                                        <span
                                                                                          className="text-green"
                                                                        >
                                                                                          Secure
                                                                        </span>
                                                                        . Transparent.
                                                      </h2>
                                    </Trans>
                  </div>
</div>,
                <Connect(ExchangeWidget)
                  store={undefined}
/>,
              ],
              "className": "row",
            },
            "ref": null,
            "rendered": Array [
              Object {
                "instance": null,
                "key": undefined,
                "nodeType": "host",
                "props": Object {
                  "children": <div
                    className="brand"
>
                    <h1>
                                        hero.1
                    </h1>
                    <Trans
                                        i18nKey="hero.2"
                    >
                                        <h2>
                                                            Simple. 
                                                            <span
                                                                                className="text-green"
                                                            >
                                                                                Secure
                                                            </span>
                                                            . Transparent.
                                        </h2>
                    </Trans>
</div>,
                  "className": "col-xs-12",
                },
                "ref": null,
                "rendered": Object {
                  "instance": null,
                  "key": undefined,
                  "nodeType": "host",
                  "props": Object {
                    "children": Array [
                      <h1>
                        hero.1
</h1>,
                      <Trans
                        i18nKey="hero.2"
>
                        <h2>
                                                Simple. 
                                                <span
                                                                        className="text-green"
                                                >
                                                                        Secure
                                                </span>
                                                . Transparent.
                        </h2>
</Trans>,
                    ],
                    "className": "brand",
                  },
                  "ref": null,
                  "rendered": Array [
                    Object {
                      "instance": null,
                      "key": undefined,
                      "nodeType": "host",
                      "props": Object {
                        "children": "hero.1",
                      },
                      "ref": null,
                      "rendered": "hero.1",
                      "type": "h1",
                    },
                    Object {
                      "instance": null,
                      "key": undefined,
                      "nodeType": "function",
                      "props": Object {
                        "children": <h2>
                          Simple. 
                          <span
                                                    className="text-green"
                          >
                                                    Secure
                          </span>
                          . Transparent.
</h2>,
                        "i18nKey": "hero.2",
                      },
                      "ref": null,
                      "rendered": Object {
                        "instance": null,
                        "key": undefined,
                        "nodeType": "host",
                        "props": Object {
                          "children": Array [
                            "Simple. ",
                            <span
                              className="text-green"
>
                              Secure
</span>,
                            ". Transparent.",
                          ],
                        },
                        "ref": null,
                        "rendered": Array [
                          "Simple. ",
                          Object {
                            "instance": null,
                            "key": undefined,
                            "nodeType": "host",
                            "props": Object {
                              "children": "Secure",
                              "className": "text-green",
                            },
                            "ref": null,
                            "rendered": "Secure",
                            "type": "span",
                          },
                          ". Transparent.",
                        ],
                        "type": "h2",
                      },
                      "type": [Function],
                    },
                  ],
                  "type": "div",
                },
                "type": "div",
              },
              Object {
                "instance": null,
                "key": undefined,
                "nodeType": "class",
                "props": Object {
                  "store": undefined,
                },
                "ref": null,
                "rendered": null,
                "type": [Function],
              },
            ],
            "type": "div",
          },
          "type": "div",
        },
        Object {
          "instance": null,
          "key": undefined,
          "nodeType": "class",
          "props": Object {},
          "ref": null,
          "rendered": null,
          "type": [Function],
        },
      ],
      "type": "div",
    },
  ],
  Symbol(enzyme.__options__): Object {
    "adapter": ReactSixteenAdapter {
      "options": Object {
        "enableComponentDidUpdateOnSetState": true,
      },
    },
  },
}
`;
