// Jest Snapshot v1, https://goo.gl/fbAQLP

exports[`Ellipse renders correctly 1`] = `
ShallowWrapper {
  "length": 1,
  Symbol(enzyme.__root__): [Circular],
  Symbol(enzyme.__unrendered__): <Ellipse
    coin="btc"
    style={
        Object {
            "height": 48,
            "left": 20,
            "right": -20,
            "width": 48,
          }
    }
/>,
  Symbol(enzyme.__renderer__): Object {
    "batchedUpdates": [Function],
    "getNode": [Function],
    "render": [Function],
    "simulateEvent": [Function],
    "unmount": [Function],
  },
  Symbol(enzyme.__node__): Object {
    "instance": null,
    "key": undefined,
    "nodeType": "host",
    "props": Object {
      "children": <div
        className="ellipse"
        style={
                Object {
                        "height": 48,
                        "transform": "translate(0px, 0px)",
                        "width": 48,
                      }
        }
>
        <img
                alt="LTC"
                src="btc.svg"
        />
</div>,
      "className": "container hidden-xs",
      "style": Object {
        "height": 48,
        "left": 20,
        "right": -20,
        "width": 48,
      },
    },
    "ref": null,
    "rendered": Object {
      "instance": null,
      "key": undefined,
      "nodeType": "host",
      "props": Object {
        "children": <img
          alt="LTC"
          src="btc.svg"
/>,
        "className": "ellipse",
        "style": Object {
          "height": 48,
          "transform": "translate(0px, 0px)",
          "width": 48,
        },
      },
      "ref": null,
      "rendered": Object {
        "instance": null,
        "key": undefined,
        "nodeType": "host",
        "props": Object {
          "alt": "LTC",
          "src": "btc.svg",
        },
        "ref": null,
        "rendered": null,
        "type": "img",
      },
      "type": "div",
    },
    "type": "div",
  },
  Symbol(enzyme.__nodes__): Array [
    Object {
      "instance": null,
      "key": undefined,
      "nodeType": "host",
      "props": Object {
        "children": <div
          className="ellipse"
          style={
                    Object {
                              "height": 48,
                              "transform": "translate(0px, 0px)",
                              "width": 48,
                            }
          }
>
          <img
                    alt="LTC"
                    src="btc.svg"
          />
</div>,
        "className": "container hidden-xs",
        "style": Object {
          "height": 48,
          "left": 20,
          "right": -20,
          "width": 48,
        },
      },
      "ref": null,
      "rendered": Object {
        "instance": null,
        "key": undefined,
        "nodeType": "host",
        "props": Object {
          "children": <img
            alt="LTC"
            src="btc.svg"
/>,
          "className": "ellipse",
          "style": Object {
            "height": 48,
            "transform": "translate(0px, 0px)",
            "width": 48,
          },
        },
        "ref": null,
        "rendered": Object {
          "instance": null,
          "key": undefined,
          "nodeType": "host",
          "props": Object {
            "alt": "LTC",
            "src": "btc.svg",
          },
          "ref": null,
          "rendered": null,
          "type": "img",
        },
        "type": "div",
      },
      "type": "div",
    },
  ],
  Symbol(enzyme.__options__): Object {
    "adapter": ReactSixteenAdapter {
      "options": Object {
        "enableComponentDidUpdateOnSetState": true,
      },
    },
  },
}
`;
